     1                                  bits 32 ; assembling for the 32 bits architecture
     2                                  
     3                                  ; declare the EntryPoint (a label defining the very first instruction of the program)
     4                                  global start        
     5                                  
     6                                  ; declare external functions needed by our program
     7                                  extern exit               ; tell nasm that exit exists even if we won't be defining it
     8                                  import exit msvcrt.dll    ; exit is a function that ends the calling process. It is defined in msvcrt.dll
     9                                                            ; msvcrt.dll contains exit, printf and all the other important C-runtime specific functions
    10                                  
    11                                                            
    12                                  ; our data is declared here (the variables needed by our program)
    13                                  segment data use32 class=data
    14 00000000 0B00                        a DW 11
    15 00000002 0500                        b DW 5
    16                                      ; ...
    17                                  
    18                                  ; our code starts here
    19                                  segment code use32 class=code
    20                                      start:
    21                                          ; ...
    22 00000000 A0[00000000]                    MOV AL, [a]
    23 00000005 668B1D[02000000]                MOV BX, [b]
    24 0000000C 6601D8                          ADD AX, BX
    25 0000000F B800000000                      mov EAX, 0
    26                                  
    27                                          
    28 00000014 50                              PUSH EAX
    29                                          ; exit(0)
    30 00000015 6A00                            push    dword 0      ; push the parameter for exit onto the stack
    31 00000017 FF15[00000000]                  call    [exit]       ; call exit to terminate the program
