     1                                  bits 32
     2                                  global start
     3                                  
     4                                  extern exit, printf
     5                                  import printf msvcrt.dll
     6                                  import exit msvcrt.dll
     7                                  
     8                                  extern mod
     9                                  
    10                                  segment data use32 class=data
    11 00000000 7B0000007B00000049-         sir dd 123,123,21321,3,21,123,12,23,4
    11 00000009 530000030000001500-
    11 00000012 00007B0000000C0000-
    11 0000001B 001700000004000000 
    12 00000024 09000000                    a dd ($ - sir) / 4
    13 00000028 256420                      format db "%d "
    14                                  
    15                                  segment code use32 class=code
    16                                  start:
    17 00000000 FF35[24000000]              push dword[a]
    18 00000006 68[00000000]                push sir
    19 0000000B E8(00000000)                call mod
    20                                  
    21 00000010 BE[00000000]                mov esi, sir
    22                                  
    23 00000015 8B0D[24000000]              mov ECX, dword[a]
    24                                  
    25                                      afisare:
    26 0000001B 60                              pushad
    27 0000001C FF36                            push dword[ESI]
    28 0000001E 68[28000000]                    push format
    29 00000023 FF15[00000000]                  call [printf]
    30 00000029 83C408                          add esp, 4 * 2
    31 0000002C 61                              popad
    32 0000002D 83C604                          ADD ESI, 4
    33                                  
    34 00000030 E2E9                        loop afisare
    35                                  
    36 00000032 6A00                    	push dword 0 
    37 00000034 FF15[00000000]          	call [exit] 
