     1                                  bits 32
     2                                  global sortare
     3                                  
     4                                  segment code use32 class=code
     5                                  sortare:
     6 00000000 8B742404                    MOV ESI, [esp + 4];aici  bag sirul
     7                                      ;lungimea sirului se poate reprezenta pe 8 biti deci e de fapt in CL :D
     8 00000004 8B542404                    mov EDX, [esp + 4]
     9 00000008 B100                        MOV CL, 0
    10                                      
    11                                      for_i:
    12 0000000A B500                            mov CH, 0
    13                                          for_j:
    14                                  
    15 0000000C FEC5                                inc CH
    16 0000000E 7402                                jz end_for_j
    17 00000010 EBFA                            jmp for_j
    18                                          end_for_j:
    19                                  
    20 00000012 FEC1                            INC CL
    21 00000014 38D1                            CMP CL, DL
    22 00000016 7402                            JZ end_for_i
    23 00000018 EBF0                        jmp for_i
    24                                      end_for_i:
