     1                                  bits 32 ; assembling for the 32 bits architecture
     2                                  
     3                                  ; declare the EntryPoint (a label defining the very first instruction of the program)
     4                                  global start        
     5                                  
     6                                  ; declare external functions needed by our program
     7                                  extern exit               ; tell nasm that exit exists even if we won't be defining it
     8                                  import exit msvcrt.dll    ; exit is a function that ends the calling process. It is defined in msvcrt.dll
     9                                                            ; msvcrt.dll contains exit, printf and all the other important C-runtime specific functions
    10                                  
    11                                  ; our data is declared here (the variables needed by our program)
    12                                  segment data use32 class=data
    13 00000000 05                          a db 5
    14 00000001 07                          b db 7
    15 00000002 08                          c db 8
    16                                      ; ...
    17                                  
    18                                  ; ((a - b) * 4) / c
    19                                  segment code use32 class=code
    20                                      start:
    21 00000000 B800000000                      MOV EAX, 0
    22 00000005 A0[00000000]                    MOV AL, [a]
    23 0000000A 2A05[02000000]                  SUB AL, [c]
    24 00000010 B304                            MOV BL, 4
    25                                          MOV AX, AL
    25          ******************       error: invalid combination of opcode and operands
    26 00000012 F6E3                            MUL BL
    27                                          
    28 00000014 F635[02000000]                  DIV BYTE [c]
    29                                          
    30                                     
    31                                          
    32 0000001A 6A00                            push    dword 0      ; push the parameter for exit onto the stack
    33 0000001C FF15[00000000]                  call    [exit]       ; call exit to terminate the program
