     1                                  bits 32
     2                                  global start
     3                                  
     4                                  extern exit, printf, scanf
     5                                  import printf msvcrt.dll
     6                                  import scanf msvcrt.dll
     7                                  import exit msvcrt.dll
     8                                  
     9                                  
    10                                  extern cdecl
    11                                  
    12                                  segment data use32 class=data
    13 00000000 FFFFFFFF40E20100FF-         sir dd -1, 123456, 0xabcdeff, 0xabcdeff, 0xdbcdeff, 0111010101b
    13 00000009 DEBC0AFFDEBC0AFFDE-
    13 00000012 BC0DD5010000       
    14                                      len equ ($ - sir) / 4
    15 00000018 <res 00000190>              sum_sir resd 100
    16 000001A8 25642000                    format db "%d ", 0
    17                                  
    18                                  segment code use32 class=code
    19                                  start:
    20 00000000 66B80500                    mov ax, 5
    21 00000004 B300                        mov bl, 0
    22 00000006 F6F3                        div bl
    23                                  
    24 00000008 6A00                    	push dword 0 
    25 0000000A FF15[00000000]          	call [exit] 
